Archive member included to satisfy reference by file (symbol)

/opt/riscv64-unknown-elf-gcc-8.3.0-2020.04.1-x86_64-linux-ubuntu14/bin/../lib/gcc/riscv64-unknown-elf/8.3.0/rv32i/ilp32/libgcc.a(_udivdi3.o)
                              build/src/core_portme.o (__udivdi3)
/opt/riscv64-unknown-elf-gcc-8.3.0-2020.04.1-x86_64-linux-ubuntu14/bin/../lib/gcc/riscv64-unknown-elf/8.3.0/rv32i/ilp32/libgcc.a(adddf3.o)
                              build/src/cvt.o (__adddf3)
/opt/riscv64-unknown-elf-gcc-8.3.0-2020.04.1-x86_64-linux-ubuntu14/bin/../lib/gcc/riscv64-unknown-elf/8.3.0/rv32i/ilp32/libgcc.a(divdf3.o)
                              build/src/cvt.o (__divdf3)
/opt/riscv64-unknown-elf-gcc-8.3.0-2020.04.1-x86_64-linux-ubuntu14/bin/../lib/gcc/riscv64-unknown-elf/8.3.0/rv32i/ilp32/libgcc.a(eqdf2.o)
                              build/src/cvt.o (__nedf2)
/opt/riscv64-unknown-elf-gcc-8.3.0-2020.04.1-x86_64-linux-ubuntu14/bin/../lib/gcc/riscv64-unknown-elf/8.3.0/rv32i/ilp32/libgcc.a(gedf2.o)
                              build/src/cvt.o (__gtdf2)
/opt/riscv64-unknown-elf-gcc-8.3.0-2020.04.1-x86_64-linux-ubuntu14/bin/../lib/gcc/riscv64-unknown-elf/8.3.0/rv32i/ilp32/libgcc.a(ledf2.o)
                              build/src/cvt.o (__ltdf2)
/opt/riscv64-unknown-elf-gcc-8.3.0-2020.04.1-x86_64-linux-ubuntu14/bin/../lib/gcc/riscv64-unknown-elf/8.3.0/rv32i/ilp32/libgcc.a(muldf3.o)
                              build/src/cvt.o (__muldf3)
/opt/riscv64-unknown-elf-gcc-8.3.0-2020.04.1-x86_64-linux-ubuntu14/bin/../lib/gcc/riscv64-unknown-elf/8.3.0/rv32i/ilp32/libgcc.a(fixdfsi.o)
                              build/src/cvt.o (__fixdfsi)
/opt/riscv64-unknown-elf-gcc-8.3.0-2020.04.1-x86_64-linux-ubuntu14/bin/../lib/gcc/riscv64-unknown-elf/8.3.0/rv32i/ilp32/libgcc.a(muldi3.o)
                              build/src/core_main.o (__mulsi3)
/opt/riscv64-unknown-elf-gcc-8.3.0-2020.04.1-x86_64-linux-ubuntu14/bin/../lib/gcc/riscv64-unknown-elf/8.3.0/rv32i/ilp32/libgcc.a(div.o)
                              build/src/core_main.o (__divsi3)
/opt/riscv64-unknown-elf-gcc-8.3.0-2020.04.1-x86_64-linux-ubuntu14/bin/../lib/gcc/riscv64-unknown-elf/8.3.0/rv32i/ilp32/libgcc.a(_clz.o)
                              /opt/riscv64-unknown-elf-gcc-8.3.0-2020.04.1-x86_64-linux-ubuntu14/bin/../lib/gcc/riscv64-unknown-elf/8.3.0/rv32i/ilp32/libgcc.a(_udivdi3.o) (__clz_tab)
/opt/riscv64-unknown-elf-gcc-8.3.0-2020.04.1-x86_64-linux-ubuntu14/bin/../lib/gcc/riscv64-unknown-elf/8.3.0/rv32i/ilp32/libgcc.a(_clzsi2.o)
                              /opt/riscv64-unknown-elf-gcc-8.3.0-2020.04.1-x86_64-linux-ubuntu14/bin/../lib/gcc/riscv64-unknown-elf/8.3.0/rv32i/ilp32/libgcc.a(adddf3.o) (__clzsi2)
/opt/riscv64-unknown-elf-gcc-8.3.0-2020.04.1-x86_64-linux-ubuntu14/bin/../lib/gcc/riscv64-unknown-elf/8.3.0/../../../../riscv64-unknown-elf/lib/rv32i/ilp32/libm.a(lib_a-s_modf.o)
                              build/src/cvt.o (modf)
/opt/riscv64-unknown-elf-gcc-8.3.0-2020.04.1-x86_64-linux-ubuntu14/bin/../lib/gcc/riscv64-unknown-elf/8.3.0/../../../../riscv64-unknown-elf/lib/rv32i/ilp32/libc.a(lib_a-memcpy.o)
                              build/src/ee_printf.o (memcpy)
/opt/riscv64-unknown-elf-gcc-8.3.0-2020.04.1-x86_64-linux-ubuntu14/bin/../lib/gcc/riscv64-unknown-elf/8.3.0/../../../../riscv64-unknown-elf/lib/rv32i/ilp32/libc.a(lib_a-memset.o)
                              build/src/core_state.o (memset)

Discarded input sections

 .data          0x0000000000000000        0x0 build/src/core_list_join.o
 .bss           0x0000000000000000        0x0 build/src/core_list_join.o
 .data          0x0000000000000000        0xc build/src/core_main.o
 .bss           0x0000000000000000        0x0 build/src/core_main.o
 .data          0x0000000000000000        0x0 build/src/core_matrix.o
 .bss           0x0000000000000000        0x0 build/src/core_matrix.o
 .data          0x0000000000000000        0x0 build/src/core_portme.o
 .bss           0x0000000000000000        0x0 build/src/core_portme.o
 .data          0x0000000000000000        0x0 build/src/core_state.o
 .bss           0x0000000000000000        0x0 build/src/core_state.o
 .data          0x0000000000000000        0x0 build/src/core_util.o
 .bss           0x0000000000000000        0x0 build/src/core_util.o
 .text          0x0000000000000000      0x594 build/src/cvt.o
 .data          0x0000000000000000        0x0 build/src/cvt.o
 .bss           0x0000000000000000       0x50 build/src/cvt.o
 .srodata.cst8  0x0000000000000000       0x18 build/src/cvt.o
 .comment       0x0000000000000000       0x29 build/src/cvt.o
 .riscv.attributes
                0x0000000000000000       0x1c build/src/cvt.o
 .data          0x0000000000000000        0x0 build/src/ee_printf.o
 .bss           0x0000000000000000        0x0 build/src/ee_printf.o
 .data          0x0000000000000000        0x0 build/src/crt.o
 .bss           0x0000000000000000        0x0 build/src/crt.o
 .data          0x0000000000000000        0x0 /opt/riscv64-unknown-elf-gcc-8.3.0-2020.04.1-x86_64-linux-ubuntu14/bin/../lib/gcc/riscv64-unknown-elf/8.3.0/rv32i/ilp32/libgcc.a(_udivdi3.o)
 .bss           0x0000000000000000        0x0 /opt/riscv64-unknown-elf-gcc-8.3.0-2020.04.1-x86_64-linux-ubuntu14/bin/../lib/gcc/riscv64-unknown-elf/8.3.0/rv32i/ilp32/libgcc.a(_udivdi3.o)
 .eh_frame      0x0000000000000000       0x60 /opt/riscv64-unknown-elf-gcc-8.3.0-2020.04.1-x86_64-linux-ubuntu14/bin/../lib/gcc/riscv64-unknown-elf/8.3.0/rv32i/ilp32/libgcc.a(_udivdi3.o)
 .text          0x0000000000000000      0x7c8 /opt/riscv64-unknown-elf-gcc-8.3.0-2020.04.1-x86_64-linux-ubuntu14/bin/../lib/gcc/riscv64-unknown-elf/8.3.0/rv32i/ilp32/libgcc.a(adddf3.o)
 .data          0x0000000000000000        0x0 /opt/riscv64-unknown-elf-gcc-8.3.0-2020.04.1-x86_64-linux-ubuntu14/bin/../lib/gcc/riscv64-unknown-elf/8.3.0/rv32i/ilp32/libgcc.a(adddf3.o)
 .bss           0x0000000000000000        0x0 /opt/riscv64-unknown-elf-gcc-8.3.0-2020.04.1-x86_64-linux-ubuntu14/bin/../lib/gcc/riscv64-unknown-elf/8.3.0/rv32i/ilp32/libgcc.a(adddf3.o)
 .debug_info    0x0000000000000000      0x5a5 /opt/riscv64-unknown-elf-gcc-8.3.0-2020.04.1-x86_64-linux-ubuntu14/bin/../lib/gcc/riscv64-unknown-elf/8.3.0/rv32i/ilp32/libgcc.a(adddf3.o)
 .debug_abbrev  0x0000000000000000      0x196 /opt/riscv64-unknown-elf-gcc-8.3.0-2020.04.1-x86_64-linux-ubuntu14/bin/../lib/gcc/riscv64-unknown-elf/8.3.0/rv32i/ilp32/libgcc.a(adddf3.o)
 .debug_loc     0x0000000000000000     0x1207 /opt/riscv64-unknown-elf-gcc-8.3.0-2020.04.1-x86_64-linux-ubuntu14/bin/../lib/gcc/riscv64-unknown-elf/8.3.0/rv32i/ilp32/libgcc.a(adddf3.o)
 .debug_aranges
                0x0000000000000000       0x20 /opt/riscv64-unknown-elf-gcc-8.3.0-2020.04.1-x86_64-linux-ubuntu14/bin/../lib/gcc/riscv64-unknown-elf/8.3.0/rv32i/ilp32/libgcc.a(adddf3.o)
 .debug_ranges  0x0000000000000000      0x210 /opt/riscv64-unknown-elf-gcc-8.3.0-2020.04.1-x86_64-linux-ubuntu14/bin/../lib/gcc/riscv64-unknown-elf/8.3.0/rv32i/ilp32/libgcc.a(adddf3.o)
 .debug_line    0x0000000000000000      0xefa /opt/riscv64-unknown-elf-gcc-8.3.0-2020.04.1-x86_64-linux-ubuntu14/bin/../lib/gcc/riscv64-unknown-elf/8.3.0/rv32i/ilp32/libgcc.a(adddf3.o)
 .debug_str     0x0000000000000000      0x389 /opt/riscv64-unknown-elf-gcc-8.3.0-2020.04.1-x86_64-linux-ubuntu14/bin/../lib/gcc/riscv64-unknown-elf/8.3.0/rv32i/ilp32/libgcc.a(adddf3.o)
 .comment       0x0000000000000000       0x29 /opt/riscv64-unknown-elf-gcc-8.3.0-2020.04.1-x86_64-linux-ubuntu14/bin/../lib/gcc/riscv64-unknown-elf/8.3.0/rv32i/ilp32/libgcc.a(adddf3.o)
 .debug_frame   0x0000000000000000       0x44 /opt/riscv64-unknown-elf-gcc-8.3.0-2020.04.1-x86_64-linux-ubuntu14/bin/../lib/gcc/riscv64-unknown-elf/8.3.0/rv32i/ilp32/libgcc.a(adddf3.o)
 .riscv.attributes
                0x0000000000000000       0x1c /opt/riscv64-unknown-elf-gcc-8.3.0-2020.04.1-x86_64-linux-ubuntu14/bin/../lib/gcc/riscv64-unknown-elf/8.3.0/rv32i/ilp32/libgcc.a(adddf3.o)
 .text          0x0000000000000000      0x830 /opt/riscv64-unknown-elf-gcc-8.3.0-2020.04.1-x86_64-linux-ubuntu14/bin/../lib/gcc/riscv64-unknown-elf/8.3.0/rv32i/ilp32/libgcc.a(divdf3.o)
 .data          0x0000000000000000        0x0 /opt/riscv64-unknown-elf-gcc-8.3.0-2020.04.1-x86_64-linux-ubuntu14/bin/../lib/gcc/riscv64-unknown-elf/8.3.0/rv32i/ilp32/libgcc.a(divdf3.o)
 .bss           0x0000000000000000        0x0 /opt/riscv64-unknown-elf-gcc-8.3.0-2020.04.1-x86_64-linux-ubuntu14/bin/../lib/gcc/riscv64-unknown-elf/8.3.0/rv32i/ilp32/libgcc.a(divdf3.o)
 .rodata        0x0000000000000000       0x3c /opt/riscv64-unknown-elf-gcc-8.3.0-2020.04.1-x86_64-linux-ubuntu14/bin/../lib/gcc/riscv64-unknown-elf/8.3.0/rv32i/ilp32/libgcc.a(divdf3.o)
 .debug_info    0x0000000000000000      0x87c /opt/riscv64-unknown-elf-gcc-8.3.0-2020.04.1-x86_64-linux-ubuntu14/bin/../lib/gcc/riscv64-unknown-elf/8.3.0/rv32i/ilp32/libgcc.a(divdf3.o)
 .debug_abbrev  0x0000000000000000      0x1a1 /opt/riscv64-unknown-elf-gcc-8.3.0-2020.04.1-x86_64-linux-ubuntu14/bin/../lib/gcc/riscv64-unknown-elf/8.3.0/rv32i/ilp32/libgcc.a(divdf3.o)
 .debug_loc     0x0000000000000000     0x1077 /opt/riscv64-unknown-elf-gcc-8.3.0-2020.04.1-x86_64-linux-ubuntu14/bin/../lib/gcc/riscv64-unknown-elf/8.3.0/rv32i/ilp32/libgcc.a(divdf3.o)
 .debug_aranges
                0x0000000000000000       0x20 /opt/riscv64-unknown-elf-gcc-8.3.0-2020.04.1-x86_64-linux-ubuntu14/bin/../lib/gcc/riscv64-unknown-elf/8.3.0/rv32i/ilp32/libgcc.a(divdf3.o)
 .debug_ranges  0x0000000000000000      0x180 /opt/riscv64-unknown-elf-gcc-8.3.0-2020.04.1-x86_64-linux-ubuntu14/bin/../lib/gcc/riscv64-unknown-elf/8.3.0/rv32i/ilp32/libgcc.a(divdf3.o)
 .debug_line    0x0000000000000000      0xf75 /opt/riscv64-unknown-elf-gcc-8.3.0-2020.04.1-x86_64-linux-ubuntu14/bin/../lib/gcc/riscv64-unknown-elf/8.3.0/rv32i/ilp32/libgcc.a(divdf3.o)
 .debug_str     0x0000000000000000      0x457 /opt/riscv64-unknown-elf-gcc-8.3.0-2020.04.1-x86_64-linux-ubuntu14/bin/../lib/gcc/riscv64-unknown-elf/8.3.0/rv32i/ilp32/libgcc.a(divdf3.o)
 .comment       0x0000000000000000       0x29 /opt/riscv64-unknown-elf-gcc-8.3.0-2020.04.1-x86_64-linux-ubuntu14/bin/../lib/gcc/riscv64-unknown-elf/8.3.0/rv32i/ilp32/libgcc.a(divdf3.o)
 .debug_frame   0x0000000000000000       0x64 /opt/riscv64-unknown-elf-gcc-8.3.0-2020.04.1-x86_64-linux-ubuntu14/bin/../lib/gcc/riscv64-unknown-elf/8.3.0/rv32i/ilp32/libgcc.a(divdf3.o)
 .riscv.attributes
                0x0000000000000000       0x1c /opt/riscv64-unknown-elf-gcc-8.3.0-2020.04.1-x86_64-linux-ubuntu14/bin/../lib/gcc/riscv64-unknown-elf/8.3.0/rv32i/ilp32/libgcc.a(divdf3.o)
 .text          0x0000000000000000       0x8c /opt/riscv64-unknown-elf-gcc-8.3.0-2020.04.1-x86_64-linux-ubuntu14/bin/../lib/gcc/riscv64-unknown-elf/8.3.0/rv32i/ilp32/libgcc.a(eqdf2.o)
 .data          0x0000000000000000        0x0 /opt/riscv64-unknown-elf-gcc-8.3.0-2020.04.1-x86_64-linux-ubuntu14/bin/../lib/gcc/riscv64-unknown-elf/8.3.0/rv32i/ilp32/libgcc.a(eqdf2.o)
 .bss           0x0000000000000000        0x0 /opt/riscv64-unknown-elf-gcc-8.3.0-2020.04.1-x86_64-linux-ubuntu14/bin/../lib/gcc/riscv64-unknown-elf/8.3.0/rv32i/ilp32/libgcc.a(eqdf2.o)
 .debug_info    0x0000000000000000      0x288 /opt/riscv64-unknown-elf-gcc-8.3.0-2020.04.1-x86_64-linux-ubuntu14/bin/../lib/gcc/riscv64-unknown-elf/8.3.0/rv32i/ilp32/libgcc.a(eqdf2.o)
 .debug_abbrev  0x0000000000000000      0x186 /opt/riscv64-unknown-elf-gcc-8.3.0-2020.04.1-x86_64-linux-ubuntu14/bin/../lib/gcc/riscv64-unknown-elf/8.3.0/rv32i/ilp32/libgcc.a(eqdf2.o)
 .debug_loc     0x0000000000000000       0xa4 /opt/riscv64-unknown-elf-gcc-8.3.0-2020.04.1-x86_64-linux-ubuntu14/bin/../lib/gcc/riscv64-unknown-elf/8.3.0/rv32i/ilp32/libgcc.a(eqdf2.o)
 .debug_aranges
                0x0000000000000000       0x20 /opt/riscv64-unknown-elf-gcc-8.3.0-2020.04.1-x86_64-linux-ubuntu14/bin/../lib/gcc/riscv64-unknown-elf/8.3.0/rv32i/ilp32/libgcc.a(eqdf2.o)
 .debug_ranges  0x0000000000000000       0x48 /opt/riscv64-unknown-elf-gcc-8.3.0-2020.04.1-x86_64-linux-ubuntu14/bin/../lib/gcc/riscv64-unknown-elf/8.3.0/rv32i/ilp32/libgcc.a(eqdf2.o)
 .debug_line    0x0000000000000000      0x264 /opt/riscv64-unknown-elf-gcc-8.3.0-2020.04.1-x86_64-linux-ubuntu14/bin/../lib/gcc/riscv64-unknown-elf/8.3.0/rv32i/ilp32/libgcc.a(eqdf2.o)
 .debug_str     0x0000000000000000      0x2a3 /opt/riscv64-unknown-elf-gcc-8.3.0-2020.04.1-x86_64-linux-ubuntu14/bin/../lib/gcc/riscv64-unknown-elf/8.3.0/rv32i/ilp32/libgcc.a(eqdf2.o)
 .comment       0x0000000000000000       0x29 /opt/riscv64-unknown-elf-gcc-8.3.0-2020.04.1-x86_64-linux-ubuntu14/bin/../lib/gcc/riscv64-unknown-elf/8.3.0/rv32i/ilp32/libgcc.a(eqdf2.o)
 .debug_frame   0x0000000000000000       0x20 /opt/riscv64-unknown-elf-gcc-8.3.0-2020.04.1-x86_64-linux-ubuntu14/bin/../lib/gcc/riscv64-unknown-elf/8.3.0/rv32i/ilp32/libgcc.a(eqdf2.o)
 .riscv.attributes
                0x0000000000000000       0x1c /opt/riscv64-unknown-elf-gcc-8.3.0-2020.04.1-x86_64-linux-ubuntu14/bin/../lib/gcc/riscv64-unknown-elf/8.3.0/rv32i/ilp32/libgcc.a(eqdf2.o)
 .text          0x0000000000000000       0xe4 /opt/riscv64-unknown-elf-gcc-8.3.0-2020.04.1-x86_64-linux-ubuntu14/bin/../lib/gcc/riscv64-unknown-elf/8.3.0/rv32i/ilp32/libgcc.a(gedf2.o)
 .data          0x0000000000000000        0x0 /opt/riscv64-unknown-elf-gcc-8.3.0-2020.04.1-x86_64-linux-ubuntu14/bin/../lib/gcc/riscv64-unknown-elf/8.3.0/rv32i/ilp32/libgcc.a(gedf2.o)
 .bss           0x0000000000000000        0x0 /opt/riscv64-unknown-elf-gcc-8.3.0-2020.04.1-x86_64-linux-ubuntu14/bin/../lib/gcc/riscv64-unknown-elf/8.3.0/rv32i/ilp32/libgcc.a(gedf2.o)
 .debug_info    0x0000000000000000      0x286 /opt/riscv64-unknown-elf-gcc-8.3.0-2020.04.1-x86_64-linux-ubuntu14/bin/../lib/gcc/riscv64-unknown-elf/8.3.0/rv32i/ilp32/libgcc.a(gedf2.o)
 .debug_abbrev  0x0000000000000000      0x199 /opt/riscv64-unknown-elf-gcc-8.3.0-2020.04.1-x86_64-linux-ubuntu14/bin/../lib/gcc/riscv64-unknown-elf/8.3.0/rv32i/ilp32/libgcc.a(gedf2.o)
 .debug_loc     0x0000000000000000      0x156 /opt/riscv64-unknown-elf-gcc-8.3.0-2020.04.1-x86_64-linux-ubuntu14/bin/../lib/gcc/riscv64-unknown-elf/8.3.0/rv32i/ilp32/libgcc.a(gedf2.o)
 .debug_aranges
                0x0000000000000000       0x20 /opt/riscv64-unknown-elf-gcc-8.3.0-2020.04.1-x86_64-linux-ubuntu14/bin/../lib/gcc/riscv64-unknown-elf/8.3.0/rv32i/ilp32/libgcc.a(gedf2.o)
 .debug_ranges  0x0000000000000000       0x68 /opt/riscv64-unknown-elf-gcc-8.3.0-2020.04.1-x86_64-linux-ubuntu14/bin/../lib/gcc/riscv64-unknown-elf/8.3.0/rv32i/ilp32/libgcc.a(gedf2.o)
 .debug_line    0x0000000000000000      0x303 /opt/riscv64-unknown-elf-gcc-8.3.0-2020.04.1-x86_64-linux-ubuntu14/bin/../lib/gcc/riscv64-unknown-elf/8.3.0/rv32i/ilp32/libgcc.a(gedf2.o)
 .debug_str     0x0000000000000000      0x2c7 /opt/riscv64-unknown-elf-gcc-8.3.0-2020.04.1-x86_64-linux-ubuntu14/bin/../lib/gcc/riscv64-unknown-elf/8.3.0/rv32i/ilp32/libgcc.a(gedf2.o)
 .comment       0x0000000000000000       0x29 /opt/riscv64-unknown-elf-gcc-8.3.0-2020.04.1-x86_64-linux-ubuntu14/bin/../lib/gcc/riscv64-unknown-elf/8.3.0/rv32i/ilp32/libgcc.a(gedf2.o)
 .debug_frame   0x0000000000000000       0x20 /opt/riscv64-unknown-elf-gcc-8.3.0-2020.04.1-x86_64-linux-ubuntu14/bin/../lib/gcc/riscv64-unknown-elf/8.3.0/rv32i/ilp32/libgcc.a(gedf2.o)
 .riscv.attributes
                0x0000000000000000       0x1c /opt/riscv64-unknown-elf-gcc-8.3.0-2020.04.1-x86_64-linux-ubuntu14/bin/../lib/gcc/riscv64-unknown-elf/8.3.0/rv32i/ilp32/libgcc.a(gedf2.o)
 .text          0x0000000000000000       0xe4 /opt/riscv64-unknown-elf-gcc-8.3.0-2020.04.1-x86_64-linux-ubuntu14/bin/../lib/gcc/riscv64-unknown-elf/8.3.0/rv32i/ilp32/libgcc.a(ledf2.o)
 .data          0x0000000000000000        0x0 /opt/riscv64-unknown-elf-gcc-8.3.0-2020.04.1-x86_64-linux-ubuntu14/bin/../lib/gcc/riscv64-unknown-elf/8.3.0/rv32i/ilp32/libgcc.a(ledf2.o)
 .bss           0x0000000000000000        0x0 /opt/riscv64-unknown-elf-gcc-8.3.0-2020.04.1-x86_64-linux-ubuntu14/bin/../lib/gcc/riscv64-unknown-elf/8.3.0/rv32i/ilp32/libgcc.a(ledf2.o)
 .debug_info    0x0000000000000000      0x286 /opt/riscv64-unknown-elf-gcc-8.3.0-2020.04.1-x86_64-linux-ubuntu14/bin/../lib/gcc/riscv64-unknown-elf/8.3.0/rv32i/ilp32/libgcc.a(ledf2.o)
 .debug_abbrev  0x0000000000000000      0x199 /opt/riscv64-unknown-elf-gcc-8.3.0-2020.04.1-x86_64-linux-ubuntu14/bin/../lib/gcc/riscv64-unknown-elf/8.3.0/rv32i/ilp32/libgcc.a(ledf2.o)
 .debug_loc     0x0000000000000000      0x156 /opt/riscv64-unknown-elf-gcc-8.3.0-2020.04.1-x86_64-linux-ubuntu14/bin/../lib/gcc/riscv64-unknown-elf/8.3.0/rv32i/ilp32/libgcc.a(ledf2.o)
 .debug_aranges
                0x0000000000000000       0x20 /opt/riscv64-unknown-elf-gcc-8.3.0-2020.04.1-x86_64-linux-ubuntu14/bin/../lib/gcc/riscv64-unknown-elf/8.3.0/rv32i/ilp32/libgcc.a(ledf2.o)
 .debug_ranges  0x0000000000000000       0x68 /opt/riscv64-unknown-elf-gcc-8.3.0-2020.04.1-x86_64-linux-ubuntu14/bin/../lib/gcc/riscv64-unknown-elf/8.3.0/rv32i/ilp32/libgcc.a(ledf2.o)
 .debug_line    0x0000000000000000      0x303 /opt/riscv64-unknown-elf-gcc-8.3.0-2020.04.1-x86_64-linux-ubuntu14/bin/../lib/gcc/riscv64-unknown-elf/8.3.0/rv32i/ilp32/libgcc.a(ledf2.o)
 .debug_str     0x0000000000000000      0x2c7 /opt/riscv64-unknown-elf-gcc-8.3.0-2020.04.1-x86_64-linux-ubuntu14/bin/../lib/gcc/riscv64-unknown-elf/8.3.0/rv32i/ilp32/libgcc.a(ledf2.o)
 .comment       0x0000000000000000       0x29 /opt/riscv64-unknown-elf-gcc-8.3.0-2020.04.1-x86_64-linux-ubuntu14/bin/../lib/gcc/riscv64-unknown-elf/8.3.0/rv32i/ilp32/libgcc.a(ledf2.o)
 .debug_frame   0x0000000000000000       0x20 /opt/riscv64-unknown-elf-gcc-8.3.0-2020.04.1-x86_64-linux-ubuntu14/bin/../lib/gcc/riscv64-unknown-elf/8.3.0/rv32i/ilp32/libgcc.a(ledf2.o)
 .riscv.attributes
                0x0000000000000000       0x1c /opt/riscv64-unknown-elf-gcc-8.3.0-2020.04.1-x86_64-linux-ubuntu14/bin/../lib/gcc/riscv64-unknown-elf/8.3.0/rv32i/ilp32/libgcc.a(ledf2.o)
 .text          0x0000000000000000      0x6c0 /opt/riscv64-unknown-elf-gcc-8.3.0-2020.04.1-x86_64-linux-ubuntu14/bin/../lib/gcc/riscv64-unknown-elf/8.3.0/rv32i/ilp32/libgcc.a(muldf3.o)
 .data          0x0000000000000000        0x0 /opt/riscv64-unknown-elf-gcc-8.3.0-2020.04.1-x86_64-linux-ubuntu14/bin/../lib/gcc/riscv64-unknown-elf/8.3.0/rv32i/ilp32/libgcc.a(muldf3.o)
 .bss           0x0000000000000000        0x0 /opt/riscv64-unknown-elf-gcc-8.3.0-2020.04.1-x86_64-linux-ubuntu14/bin/../lib/gcc/riscv64-unknown-elf/8.3.0/rv32i/ilp32/libgcc.a(muldf3.o)
 .rodata        0x0000000000000000       0x3c /opt/riscv64-unknown-elf-gcc-8.3.0-2020.04.1-x86_64-linux-ubuntu14/bin/../lib/gcc/riscv64-unknown-elf/8.3.0/rv32i/ilp32/libgcc.a(muldf3.o)
 .debug_info    0x0000000000000000      0x9f4 /opt/riscv64-unknown-elf-gcc-8.3.0-2020.04.1-x86_64-linux-ubuntu14/bin/../lib/gcc/riscv64-unknown-elf/8.3.0/rv32i/ilp32/libgcc.a(muldf3.o)
 .debug_abbrev  0x0000000000000000      0x1a8 /opt/riscv64-unknown-elf-gcc-8.3.0-2020.04.1-x86_64-linux-ubuntu14/bin/../lib/gcc/riscv64-unknown-elf/8.3.0/rv32i/ilp32/libgcc.a(muldf3.o)
 .debug_loc     0x0000000000000000      0xe8d /opt/riscv64-unknown-elf-gcc-8.3.0-2020.04.1-x86_64-linux-ubuntu14/bin/../lib/gcc/riscv64-unknown-elf/8.3.0/rv32i/ilp32/libgcc.a(muldf3.o)
 .debug_aranges
                0x0000000000000000       0x20 /opt/riscv64-unknown-elf-gcc-8.3.0-2020.04.1-x86_64-linux-ubuntu14/bin/../lib/gcc/riscv64-unknown-elf/8.3.0/rv32i/ilp32/libgcc.a(muldf3.o)
 .debug_ranges  0x0000000000000000      0x1d0 /opt/riscv64-unknown-elf-gcc-8.3.0-2020.04.1-x86_64-linux-ubuntu14/bin/../lib/gcc/riscv64-unknown-elf/8.3.0/rv32i/ilp32/libgcc.a(muldf3.o)
 .debug_line    0x0000000000000000      0xe78 /opt/riscv64-unknown-elf-gcc-8.3.0-2020.04.1-x86_64-linux-ubuntu14/bin/../lib/gcc/riscv64-unknown-elf/8.3.0/rv32i/ilp32/libgcc.a(muldf3.o)
 .debug_str     0x0000000000000000      0x4af /opt/riscv64-unknown-elf-gcc-8.3.0-2020.04.1-x86_64-linux-ubuntu14/bin/../lib/gcc/riscv64-unknown-elf/8.3.0/rv32i/ilp32/libgcc.a(muldf3.o)
 .comment       0x0000000000000000       0x29 /opt/riscv64-unknown-elf-gcc-8.3.0-2020.04.1-x86_64-linux-ubuntu14/bin/../lib/gcc/riscv64-unknown-elf/8.3.0/rv32i/ilp32/libgcc.a(muldf3.o)
 .debug_frame   0x0000000000000000       0x54 /opt/riscv64-unknown-elf-gcc-8.3.0-2020.04.1-x86_64-linux-ubuntu14/bin/../lib/gcc/riscv64-unknown-elf/8.3.0/rv32i/ilp32/libgcc.a(muldf3.o)
 .riscv.attributes
                0x0000000000000000       0x1c /opt/riscv64-unknown-elf-gcc-8.3.0-2020.04.1-x86_64-linux-ubuntu14/bin/../lib/gcc/riscv64-unknown-elf/8.3.0/rv32i/ilp32/libgcc.a(muldf3.o)
 .text          0x0000000000000000       0x80 /opt/riscv64-unknown-elf-gcc-8.3.0-2020.04.1-x86_64-linux-ubuntu14/bin/../lib/gcc/riscv64-unknown-elf/8.3.0/rv32i/ilp32/libgcc.a(fixdfsi.o)
 .data          0x0000000000000000        0x0 /opt/riscv64-unknown-elf-gcc-8.3.0-2020.04.1-x86_64-linux-ubuntu14/bin/../lib/gcc/riscv64-unknown-elf/8.3.0/rv32i/ilp32/libgcc.a(fixdfsi.o)
 .bss           0x0000000000000000        0x0 /opt/riscv64-unknown-elf-gcc-8.3.0-2020.04.1-x86_64-linux-ubuntu14/bin/../lib/gcc/riscv64-unknown-elf/8.3.0/rv32i/ilp32/libgcc.a(fixdfsi.o)
 .debug_info    0x0000000000000000      0x217 /opt/riscv64-unknown-elf-gcc-8.3.0-2020.04.1-x86_64-linux-ubuntu14/bin/../lib/gcc/riscv64-unknown-elf/8.3.0/rv32i/ilp32/libgcc.a(fixdfsi.o)
 .debug_abbrev  0x0000000000000000      0x18a /opt/riscv64-unknown-elf-gcc-8.3.0-2020.04.1-x86_64-linux-ubuntu14/bin/../lib/gcc/riscv64-unknown-elf/8.3.0/rv32i/ilp32/libgcc.a(fixdfsi.o)
 .debug_loc     0x0000000000000000      0x16d /opt/riscv64-unknown-elf-gcc-8.3.0-2020.04.1-x86_64-linux-ubuntu14/bin/../lib/gcc/riscv64-unknown-elf/8.3.0/rv32i/ilp32/libgcc.a(fixdfsi.o)
 .debug_aranges
                0x0000000000000000       0x20 /opt/riscv64-unknown-elf-gcc-8.3.0-2020.04.1-x86_64-linux-ubuntu14/bin/../lib/gcc/riscv64-unknown-elf/8.3.0/rv32i/ilp32/libgcc.a(fixdfsi.o)
 .debug_ranges  0x0000000000000000       0x18 /opt/riscv64-unknown-elf-gcc-8.3.0-2020.04.1-x86_64-linux-ubuntu14/bin/../lib/gcc/riscv64-unknown-elf/8.3.0/rv32i/ilp32/libgcc.a(fixdfsi.o)
 .debug_line    0x0000000000000000      0x221 /opt/riscv64-unknown-elf-gcc-8.3.0-2020.04.1-x86_64-linux-ubuntu14/bin/../lib/gcc/riscv64-unknown-elf/8.3.0/rv32i/ilp32/libgcc.a(fixdfsi.o)
 .debug_str     0x0000000000000000      0x2a0 /opt/riscv64-unknown-elf-gcc-8.3.0-2020.04.1-x86_64-linux-ubuntu14/bin/../lib/gcc/riscv64-unknown-elf/8.3.0/rv32i/ilp32/libgcc.a(fixdfsi.o)
 .comment       0x0000000000000000       0x29 /opt/riscv64-unknown-elf-gcc-8.3.0-2020.04.1-x86_64-linux-ubuntu14/bin/../lib/gcc/riscv64-unknown-elf/8.3.0/rv32i/ilp32/libgcc.a(fixdfsi.o)
 .debug_frame   0x0000000000000000       0x20 /opt/riscv64-unknown-elf-gcc-8.3.0-2020.04.1-x86_64-linux-ubuntu14/bin/../lib/gcc/riscv64-unknown-elf/8.3.0/rv32i/ilp32/libgcc.a(fixdfsi.o)
 .riscv.attributes
                0x0000000000000000       0x1c /opt/riscv64-unknown-elf-gcc-8.3.0-2020.04.1-x86_64-linux-ubuntu14/bin/../lib/gcc/riscv64-unknown-elf/8.3.0/rv32i/ilp32/libgcc.a(fixdfsi.o)
 .data          0x0000000000000000        0x0 /opt/riscv64-unknown-elf-gcc-8.3.0-2020.04.1-x86_64-linux-ubuntu14/bin/../lib/gcc/riscv64-unknown-elf/8.3.0/rv32i/ilp32/libgcc.a(muldi3.o)
 .bss           0x0000000000000000        0x0 /opt/riscv64-unknown-elf-gcc-8.3.0-2020.04.1-x86_64-linux-ubuntu14/bin/../lib/gcc/riscv64-unknown-elf/8.3.0/rv32i/ilp32/libgcc.a(muldi3.o)
 .data          0x0000000000000000        0x0 /opt/riscv64-unknown-elf-gcc-8.3.0-2020.04.1-x86_64-linux-ubuntu14/bin/../lib/gcc/riscv64-unknown-elf/8.3.0/rv32i/ilp32/libgcc.a(div.o)
 .bss           0x0000000000000000        0x0 /opt/riscv64-unknown-elf-gcc-8.3.0-2020.04.1-x86_64-linux-ubuntu14/bin/../lib/gcc/riscv64-unknown-elf/8.3.0/rv32i/ilp32/libgcc.a(div.o)
 .text          0x0000000000000000        0x0 /opt/riscv64-unknown-elf-gcc-8.3.0-2020.04.1-x86_64-linux-ubuntu14/bin/../lib/gcc/riscv64-unknown-elf/8.3.0/rv32i/ilp32/libgcc.a(_clz.o)
 .data          0x0000000000000000        0x0 /opt/riscv64-unknown-elf-gcc-8.3.0-2020.04.1-x86_64-linux-ubuntu14/bin/../lib/gcc/riscv64-unknown-elf/8.3.0/rv32i/ilp32/libgcc.a(_clz.o)
 .bss           0x0000000000000000        0x0 /opt/riscv64-unknown-elf-gcc-8.3.0-2020.04.1-x86_64-linux-ubuntu14/bin/../lib/gcc/riscv64-unknown-elf/8.3.0/rv32i/ilp32/libgcc.a(_clz.o)
 .text          0x0000000000000000       0x4c /opt/riscv64-unknown-elf-gcc-8.3.0-2020.04.1-x86_64-linux-ubuntu14/bin/../lib/gcc/riscv64-unknown-elf/8.3.0/rv32i/ilp32/libgcc.a(_clzsi2.o)
 .data          0x0000000000000000        0x0 /opt/riscv64-unknown-elf-gcc-8.3.0-2020.04.1-x86_64-linux-ubuntu14/bin/../lib/gcc/riscv64-unknown-elf/8.3.0/rv32i/ilp32/libgcc.a(_clzsi2.o)
 .bss           0x0000000000000000        0x0 /opt/riscv64-unknown-elf-gcc-8.3.0-2020.04.1-x86_64-linux-ubuntu14/bin/../lib/gcc/riscv64-unknown-elf/8.3.0/rv32i/ilp32/libgcc.a(_clzsi2.o)
 .debug_info    0x0000000000000000      0xbd7 /opt/riscv64-unknown-elf-gcc-8.3.0-2020.04.1-x86_64-linux-ubuntu14/bin/../lib/gcc/riscv64-unknown-elf/8.3.0/rv32i/ilp32/libgcc.a(_clzsi2.o)
 .debug_abbrev  0x0000000000000000      0x242 /opt/riscv64-unknown-elf-gcc-8.3.0-2020.04.1-x86_64-linux-ubuntu14/bin/../lib/gcc/riscv64-unknown-elf/8.3.0/rv32i/ilp32/libgcc.a(_clzsi2.o)
 .debug_loc     0x0000000000000000       0x6b /opt/riscv64-unknown-elf-gcc-8.3.0-2020.04.1-x86_64-linux-ubuntu14/bin/../lib/gcc/riscv64-unknown-elf/8.3.0/rv32i/ilp32/libgcc.a(_clzsi2.o)
 .debug_aranges
                0x0000000000000000       0x20 /opt/riscv64-unknown-elf-gcc-8.3.0-2020.04.1-x86_64-linux-ubuntu14/bin/../lib/gcc/riscv64-unknown-elf/8.3.0/rv32i/ilp32/libgcc.a(_clzsi2.o)
 .debug_ranges  0x0000000000000000       0x20 /opt/riscv64-unknown-elf-gcc-8.3.0-2020.04.1-x86_64-linux-ubuntu14/bin/../lib/gcc/riscv64-unknown-elf/8.3.0/rv32i/ilp32/libgcc.a(_clzsi2.o)
 .debug_line    0x0000000000000000      0x434 /opt/riscv64-unknown-elf-gcc-8.3.0-2020.04.1-x86_64-linux-ubuntu14/bin/../lib/gcc/riscv64-unknown-elf/8.3.0/rv32i/ilp32/libgcc.a(_clzsi2.o)
 .debug_str     0x0000000000000000      0x827 /opt/riscv64-unknown-elf-gcc-8.3.0-2020.04.1-x86_64-linux-ubuntu14/bin/../lib/gcc/riscv64-unknown-elf/8.3.0/rv32i/ilp32/libgcc.a(_clzsi2.o)
 .comment       0x0000000000000000       0x29 /opt/riscv64-unknown-elf-gcc-8.3.0-2020.04.1-x86_64-linux-ubuntu14/bin/../lib/gcc/riscv64-unknown-elf/8.3.0/rv32i/ilp32/libgcc.a(_clzsi2.o)
 .debug_frame   0x0000000000000000       0x20 /opt/riscv64-unknown-elf-gcc-8.3.0-2020.04.1-x86_64-linux-ubuntu14/bin/../lib/gcc/riscv64-unknown-elf/8.3.0/rv32i/ilp32/libgcc.a(_clzsi2.o)
 .riscv.attributes
                0x0000000000000000       0x1c /opt/riscv64-unknown-elf-gcc-8.3.0-2020.04.1-x86_64-linux-ubuntu14/bin/../lib/gcc/riscv64-unknown-elf/8.3.0/rv32i/ilp32/libgcc.a(_clzsi2.o)
 .text          0x0000000000000000       0xf8 /opt/riscv64-unknown-elf-gcc-8.3.0-2020.04.1-x86_64-linux-ubuntu14/bin/../lib/gcc/riscv64-unknown-elf/8.3.0/../../../../riscv64-unknown-elf/lib/rv32i/ilp32/libm.a(lib_a-s_modf.o)
 .data          0x0000000000000000        0x0 /opt/riscv64-unknown-elf-gcc-8.3.0-2020.04.1-x86_64-linux-ubuntu14/bin/../lib/gcc/riscv64-unknown-elf/8.3.0/../../../../riscv64-unknown-elf/lib/rv32i/ilp32/libm.a(lib_a-s_modf.o)
 .bss           0x0000000000000000        0x0 /opt/riscv64-unknown-elf-gcc-8.3.0-2020.04.1-x86_64-linux-ubuntu14/bin/../lib/gcc/riscv64-unknown-elf/8.3.0/../../../../riscv64-unknown-elf/lib/rv32i/ilp32/libm.a(lib_a-s_modf.o)
 .comment       0x0000000000000000       0x29 /opt/riscv64-unknown-elf-gcc-8.3.0-2020.04.1-x86_64-linux-ubuntu14/bin/../lib/gcc/riscv64-unknown-elf/8.3.0/../../../../riscv64-unknown-elf/lib/rv32i/ilp32/libm.a(lib_a-s_modf.o)
 .riscv.attributes
                0x0000000000000000       0x1c /opt/riscv64-unknown-elf-gcc-8.3.0-2020.04.1-x86_64-linux-ubuntu14/bin/../lib/gcc/riscv64-unknown-elf/8.3.0/../../../../riscv64-unknown-elf/lib/rv32i/ilp32/libm.a(lib_a-s_modf.o)
 .data          0x0000000000000000        0x0 /opt/riscv64-unknown-elf-gcc-8.3.0-2020.04.1-x86_64-linux-ubuntu14/bin/../lib/gcc/riscv64-unknown-elf/8.3.0/../../../../riscv64-unknown-elf/lib/rv32i/ilp32/libc.a(lib_a-memcpy.o)
 .bss           0x0000000000000000        0x0 /opt/riscv64-unknown-elf-gcc-8.3.0-2020.04.1-x86_64-linux-ubuntu14/bin/../lib/gcc/riscv64-unknown-elf/8.3.0/../../../../riscv64-unknown-elf/lib/rv32i/ilp32/libc.a(lib_a-memcpy.o)
 .data          0x0000000000000000        0x0 /opt/riscv64-unknown-elf-gcc-8.3.0-2020.04.1-x86_64-linux-ubuntu14/bin/../lib/gcc/riscv64-unknown-elf/8.3.0/../../../../riscv64-unknown-elf/lib/rv32i/ilp32/libc.a(lib_a-memset.o)
 .bss           0x0000000000000000        0x0 /opt/riscv64-unknown-elf-gcc-8.3.0-2020.04.1-x86_64-linux-ubuntu14/bin/../lib/gcc/riscv64-unknown-elf/8.3.0/../../../../riscv64-unknown-elf/lib/rv32i/ilp32/libc.a(lib_a-memset.o)

Memory Configuration

Name             Origin             Length             Attributes
RAM              0x0000000080000000 0x0000000000008000 xrw
*default*        0x0000000000000000 0xffffffffffffffff

Linker script and memory map

LOAD build/src/core_list_join.o
LOAD build/src/core_main.o
LOAD build/src/core_matrix.o
LOAD build/src/core_portme.o
LOAD build/src/core_state.o
LOAD build/src/core_util.o
LOAD build/src/cvt.o
LOAD build/src/ee_printf.o
LOAD build/src/crt.o
LOAD /opt/riscv64-unknown-elf-gcc-8.3.0-2020.04.1-x86_64-linux-ubuntu14/bin/../lib/gcc/riscv64-unknown-elf/8.3.0/rv32i/ilp32/libgcc.a
LOAD /opt/riscv64-unknown-elf-gcc-8.3.0-2020.04.1-x86_64-linux-ubuntu14/bin/../lib/gcc/riscv64-unknown-elf/8.3.0/../../../../riscv64-unknown-elf/lib/rv32i/ilp32/libm.a
LOAD /opt/riscv64-unknown-elf-gcc-8.3.0-2020.04.1-x86_64-linux-ubuntu14/bin/../lib/gcc/riscv64-unknown-elf/8.3.0/../../../../riscv64-unknown-elf/lib/rv32i/ilp32/libc.a
                0x0000000000001000                _stack_size = DEFINED (_stack_size)?_stack_size:0x1000
                0x0000000000000400                _heap_size = DEFINED (_heap_size)?_heap_size:0x400

._vector        0x0000000080000000      0x138
 *crt.o(.start_jump)
 .start_jump    0x0000000080000000       0x10 build/src/crt.o
                0x0000000080000000                crtStart
 *crt.o(.text)
 *fill*         0x0000000080000010       0x10 
 .text          0x0000000080000020      0x118 build/src/crt.o
                0x0000000080000020                trap_entry

._user_heap     0x0000000080000138      0x400
                0x0000000080000138                . = ALIGN (0x8)
 *fill*         0x0000000080000138        0x0 
                [!provide]                        PROVIDE (end = .)
                [!provide]                        PROVIDE (_end = .)
                [!provide]                        PROVIDE (_heap_start = .)
                0x0000000080000538                . = (. + _heap_size)
 *fill*         0x0000000080000138      0x400 
                0x0000000080000538                . = ALIGN (0x8)
                [!provide]                        PROVIDE (_heap_end = .)

._stack         0x0000000080000538     0x1008
                0x0000000080000540                . = ALIGN (0x10)
 *fill*         0x0000000080000538        0x8 
                [!provide]                        PROVIDE (_stack_end = .)
                0x0000000080001540                . = (. + _stack_size)
 *fill*         0x0000000080000540     0x1000 
                0x0000000080001540                . = ALIGN (0x10)
                0x0000000080001540                PROVIDE (_stack_start = .)

.data           0x0000000080001540      0x970
 *(.rdata)
 *(.rodata .rodata.*)
 .rodata.str1.4
                0x0000000080001540      0x416 build/src/core_main.o
 *fill*         0x0000000080001956        0x2 
 .rodata.str1.4
                0x0000000080001958       0xd2 build/src/core_portme.o
 *fill*         0x0000000080001a2a        0x2 
 .rodata        0x0000000080001a2c       0x54 build/src/core_state.o
 .rodata.str1.4
                0x0000000080001a80       0xad build/src/core_state.o
 *fill*         0x0000000080001b2d        0x3 
 .rodata        0x0000000080001b30       0x18 build/src/core_util.o
 .rodata        0x0000000080001b48      0x204 build/src/ee_printf.o
 .rodata.str1.4
                0x0000000080001d4c       0x58 build/src/ee_printf.o
                                         0x57 (size before relaxing)
 .rodata        0x0000000080001da4      0x100 /opt/riscv64-unknown-elf-gcc-8.3.0-2020.04.1-x86_64-linux-ubuntu14/bin/../lib/gcc/riscv64-unknown-elf/8.3.0/rv32i/ilp32/libgcc.a(_clz.o)
                0x0000000080001da4                __clz_tab
 *(.gnu.linkonce.r.*)
 *(.data .data.*)
 *(.gnu.linkonce.d.*)
                0x0000000080001ea8                . = ALIGN (0x8)
 *fill*         0x0000000080001ea4        0x4 
                0x00000000800026a8                PROVIDE (__global_pointer$ = (. + 0x800))
 *(.sdata .sdata.*)
 .sdata         0x0000000080001ea8        0x8 build/src/core_portme.o
                0x0000000080001ea8                default_num_contexts
                0x0000000080001eac                seed3_volatile
 *(.gnu.linkonce.s.*)
                0x0000000080001eb0                . = ALIGN (0x8)
 *(.srodata.cst16)
 *(.srodata.cst8)
 *(.srodata.cst4)
 *(.srodata.cst2)
 *(.srodata .srodata.*)

.bss            0x0000000080001eb0       0x28
                0x0000000080001eb0                . = ALIGN (0x4)
                0x0000000080001eb0                _bss_start = .
 *(.sbss*)
 .sbss          0x0000000080001eb0       0x28 build/src/core_portme.o
                0x0000000080001eb0                num_hpm_cnts_global
                0x0000000080001ec8                seed5_volatile
                0x0000000080001ecc                seed4_volatile
                0x0000000080001ed0                seed2_volatile
                0x0000000080001ed4                seed1_volatile
 *(.gnu.linkonce.sb.*)
 *(.bss .bss.*)
 *(.gnu.linkonce.b.*)
 *(COMMON)
                0x0000000080001ed8                . = ALIGN (0x4)
                0x0000000080001ed8                _bss_end = .

.rodata
 *(.rdata)
 *(.rodata .rodata.*)
 *(.gnu.linkonce.r.*)

.noinit         0x0000000080001ed8        0x0
                0x0000000080001ed8                . = ALIGN (0x4)
 *(.noinit .noinit.*)
                0x0000000080001ed8                . = ALIGN (0x4)

.memory         0x0000000080001ed8     0x4884
 *(.text)
 .text          0x0000000080001ed8      0xf28 build/src/core_list_join.o
                0x0000000080001ed8                calc_func
                0x0000000080001fe8                cmp_complex
                0x00000000800021d4                cmp_idx
                0x0000000080002230                copy_info
                0x0000000080002244                core_bench_list
                0x00000000800028b8                core_list_init
                0x0000000080002b6c                core_list_insert_new
                0x0000000080002bcc                core_list_remove
                0x0000000080002bfc                core_list_undo_remove
                0x0000000080002c1c                core_list_find
                0x0000000080002c8c                core_list_reverse
                0x0000000080002cb0                core_list_mergesort
 .text          0x0000000080002e00       0x98 build/src/core_main.o
                0x0000000080002e00                iterate
 .text          0x0000000080002e98      0xc20 build/src/core_matrix.o
                0x0000000080002e98                matrix_test
                0x0000000080003430                core_bench_matrix
                0x000000008000346c                core_init_matrix
                0x0000000080003628                matrix_sum
                0x00000000800036c4                matrix_mul_const
                0x0000000080003798                matrix_add_const
                0x00000000800037e8                matrix_mul_vect
                0x00000000800038a4                matrix_mul_matrix
                0x00000000800039a4                matrix_mul_matrix_bitextract
 .text          0x0000000080003ab8      0x108 build/src/core_portme.o
                0x0000000080003ab8                barebones_clock
                0x0000000080003ac4                start_time
                0x0000000080003b04                stop_time
                0x0000000080003b1c                get_time
                0x0000000080003b48                time_in_secs
                0x0000000080003b68                portable_init
                0x0000000080003bac                portable_fini
                0x0000000080003bbc                irqCallback
 .text          0x0000000080003bc0      0x6a4 build/src/core_state.o
                0x0000000080003bc0                core_init_state
                0x0000000080003d38                core_state_transition
                0x0000000080004068                core_bench_state
 .text          0x0000000080004264      0xbb4 build/src/core_util.o
                0x0000000080004264                get_seed_32
                0x00000000800042bc                crcu8
                0x00000000800043f8                crcu16
                0x0000000080004678                crcu32
                0x0000000080004b88                crc16
                0x0000000080004e10                check_data_types
 .text          0x0000000080004e18     0x10a0 build/src/ee_printf.o
                0x000000008000513c                uart_send_char
                0x0000000080005180                ee_printf
 .text          0x0000000080005eb8      0x5d4 /opt/riscv64-unknown-elf-gcc-8.3.0-2020.04.1-x86_64-linux-ubuntu14/bin/../lib/gcc/riscv64-unknown-elf/8.3.0/rv32i/ilp32/libgcc.a(_udivdi3.o)
                0x0000000080005eb8                __udivdi3
 .text          0x000000008000648c       0x24 /opt/riscv64-unknown-elf-gcc-8.3.0-2020.04.1-x86_64-linux-ubuntu14/bin/../lib/gcc/riscv64-unknown-elf/8.3.0/rv32i/ilp32/libgcc.a(muldi3.o)
                0x000000008000648c                __mulsi3
 .text          0x00000000800064b0       0xb4 /opt/riscv64-unknown-elf-gcc-8.3.0-2020.04.1-x86_64-linux-ubuntu14/bin/../lib/gcc/riscv64-unknown-elf/8.3.0/rv32i/ilp32/libgcc.a(div.o)
                0x00000000800064b0                __divsi3
                0x00000000800064b8                __udivsi3
                0x0000000080006500                __umodsi3
                0x0000000080006534                __modsi3
 .text          0x0000000080006564      0x11c /opt/riscv64-unknown-elf-gcc-8.3.0-2020.04.1-x86_64-linux-ubuntu14/bin/../lib/gcc/riscv64-unknown-elf/8.3.0/../../../../riscv64-unknown-elf/lib/rv32i/ilp32/libc.a(lib_a-memcpy.o)
                0x0000000080006564                memcpy
 .text          0x0000000080006680       0xdc /opt/riscv64-unknown-elf-gcc-8.3.0-2020.04.1-x86_64-linux-ubuntu14/bin/../lib/gcc/riscv64-unknown-elf/8.3.0/../../../../riscv64-unknown-elf/lib/rv32i/ilp32/libc.a(lib_a-memset.o)
                0x0000000080006680                memset
                0x000000008000675c                end = .

.text.startup   0x000000008000675c      0xa18
 .text.startup  0x000000008000675c      0xa18 build/src/core_main.o
                0x000000008000675c                main

.rela.dyn       0x0000000080007174        0x0
 .rela.text     0x0000000080007174        0x0 build/src/core_list_join.o

.ctors          0x0000000080007174        0x0
                0x0000000080007174                . = ALIGN (0x4)
                0x0000000080007174                _ctors_start = .
 *(.init_array*)
 *(SORT_BY_NAME(.ctors.*))
 *(.ctors)
                0x0000000080007174                . = ALIGN (0x4)
                0x0000000080007174                _ctors_end = .
                [!provide]                        PROVIDE (END_OF_SW_IMAGE = .)
OUTPUT(build/coremark_rv32i.elf elf32-littleriscv)

.comment        0x0000000000000000       0x28
 .comment       0x0000000000000000       0x28 build/src/core_list_join.o
                                         0x29 (size before relaxing)
 .comment       0x0000000000000028       0x29 build/src/core_main.o
 .comment       0x0000000000000028       0x29 build/src/core_matrix.o
 .comment       0x0000000000000028       0x29 build/src/core_portme.o
 .comment       0x0000000000000028       0x29 build/src/core_state.o
 .comment       0x0000000000000028       0x29 build/src/core_util.o
 .comment       0x0000000000000028       0x29 build/src/ee_printf.o
 .comment       0x0000000000000028       0x29 /opt/riscv64-unknown-elf-gcc-8.3.0-2020.04.1-x86_64-linux-ubuntu14/bin/../lib/gcc/riscv64-unknown-elf/8.3.0/rv32i/ilp32/libgcc.a(_udivdi3.o)
 .comment       0x0000000000000028       0x29 /opt/riscv64-unknown-elf-gcc-8.3.0-2020.04.1-x86_64-linux-ubuntu14/bin/../lib/gcc/riscv64-unknown-elf/8.3.0/rv32i/ilp32/libgcc.a(_clz.o)
 .comment       0x0000000000000028       0x29 /opt/riscv64-unknown-elf-gcc-8.3.0-2020.04.1-x86_64-linux-ubuntu14/bin/../lib/gcc/riscv64-unknown-elf/8.3.0/../../../../riscv64-unknown-elf/lib/rv32i/ilp32/libc.a(lib_a-memcpy.o)

.riscv.attributes
                0x0000000000000000       0x1c
 .riscv.attributes
                0x0000000000000000       0x1c build/src/core_list_join.o
 .riscv.attributes
                0x000000000000001c       0x1c build/src/core_main.o
 .riscv.attributes
                0x0000000000000038       0x1c build/src/core_matrix.o
 .riscv.attributes
                0x0000000000000054       0x1c build/src/core_portme.o
 .riscv.attributes
                0x0000000000000070       0x1c build/src/core_state.o
 .riscv.attributes
                0x000000000000008c       0x1c build/src/core_util.o
 .riscv.attributes
                0x00000000000000a8       0x1c build/src/ee_printf.o
 .riscv.attributes
                0x00000000000000c4       0x1a build/src/crt.o
 .riscv.attributes
                0x00000000000000de       0x1c /opt/riscv64-unknown-elf-gcc-8.3.0-2020.04.1-x86_64-linux-ubuntu14/bin/../lib/gcc/riscv64-unknown-elf/8.3.0/rv32i/ilp32/libgcc.a(_udivdi3.o)
 .riscv.attributes
                0x00000000000000fa       0x1a /opt/riscv64-unknown-elf-gcc-8.3.0-2020.04.1-x86_64-linux-ubuntu14/bin/../lib/gcc/riscv64-unknown-elf/8.3.0/rv32i/ilp32/libgcc.a(muldi3.o)
 .riscv.attributes
                0x0000000000000114       0x1a /opt/riscv64-unknown-elf-gcc-8.3.0-2020.04.1-x86_64-linux-ubuntu14/bin/../lib/gcc/riscv64-unknown-elf/8.3.0/rv32i/ilp32/libgcc.a(div.o)
 .riscv.attributes
                0x000000000000012e       0x1c /opt/riscv64-unknown-elf-gcc-8.3.0-2020.04.1-x86_64-linux-ubuntu14/bin/../lib/gcc/riscv64-unknown-elf/8.3.0/rv32i/ilp32/libgcc.a(_clz.o)
 .riscv.attributes
                0x000000000000014a       0x1c /opt/riscv64-unknown-elf-gcc-8.3.0-2020.04.1-x86_64-linux-ubuntu14/bin/../lib/gcc/riscv64-unknown-elf/8.3.0/../../../../riscv64-unknown-elf/lib/rv32i/ilp32/libc.a(lib_a-memcpy.o)
 .riscv.attributes
                0x0000000000000166       0x1a /opt/riscv64-unknown-elf-gcc-8.3.0-2020.04.1-x86_64-linux-ubuntu14/bin/../lib/gcc/riscv64-unknown-elf/8.3.0/../../../../riscv64-unknown-elf/lib/rv32i/ilp32/libc.a(lib_a-memset.o)

.debug_info     0x0000000000000000     0x1ef3
 .debug_info    0x0000000000000000     0x133d /opt/riscv64-unknown-elf-gcc-8.3.0-2020.04.1-x86_64-linux-ubuntu14/bin/../lib/gcc/riscv64-unknown-elf/8.3.0/rv32i/ilp32/libgcc.a(_udivdi3.o)
 .debug_info    0x000000000000133d       0x26 /opt/riscv64-unknown-elf-gcc-8.3.0-2020.04.1-x86_64-linux-ubuntu14/bin/../lib/gcc/riscv64-unknown-elf/8.3.0/rv32i/ilp32/libgcc.a(muldi3.o)
 .debug_info    0x0000000000001363       0x26 /opt/riscv64-unknown-elf-gcc-8.3.0-2020.04.1-x86_64-linux-ubuntu14/bin/../lib/gcc/riscv64-unknown-elf/8.3.0/rv32i/ilp32/libgcc.a(div.o)
 .debug_info    0x0000000000001389      0xb6a /opt/riscv64-unknown-elf-gcc-8.3.0-2020.04.1-x86_64-linux-ubuntu14/bin/../lib/gcc/riscv64-unknown-elf/8.3.0/rv32i/ilp32/libgcc.a(_clz.o)

.debug_abbrev   0x0000000000000000      0x4f0
 .debug_abbrev  0x0000000000000000      0x2e0 /opt/riscv64-unknown-elf-gcc-8.3.0-2020.04.1-x86_64-linux-ubuntu14/bin/../lib/gcc/riscv64-unknown-elf/8.3.0/rv32i/ilp32/libgcc.a(_udivdi3.o)
 .debug_abbrev  0x00000000000002e0       0x14 /opt/riscv64-unknown-elf-gcc-8.3.0-2020.04.1-x86_64-linux-ubuntu14/bin/../lib/gcc/riscv64-unknown-elf/8.3.0/rv32i/ilp32/libgcc.a(muldi3.o)
 .debug_abbrev  0x00000000000002f4       0x14 /opt/riscv64-unknown-elf-gcc-8.3.0-2020.04.1-x86_64-linux-ubuntu14/bin/../lib/gcc/riscv64-unknown-elf/8.3.0/rv32i/ilp32/libgcc.a(div.o)
 .debug_abbrev  0x0000000000000308      0x1e8 /opt/riscv64-unknown-elf-gcc-8.3.0-2020.04.1-x86_64-linux-ubuntu14/bin/../lib/gcc/riscv64-unknown-elf/8.3.0/rv32i/ilp32/libgcc.a(_clz.o)

.debug_loc      0x0000000000000000      0xb94
 .debug_loc     0x0000000000000000      0xb94 /opt/riscv64-unknown-elf-gcc-8.3.0-2020.04.1-x86_64-linux-ubuntu14/bin/../lib/gcc/riscv64-unknown-elf/8.3.0/rv32i/ilp32/libgcc.a(_udivdi3.o)

.debug_aranges  0x0000000000000000       0x78
 .debug_aranges
                0x0000000000000000       0x20 /opt/riscv64-unknown-elf-gcc-8.3.0-2020.04.1-x86_64-linux-ubuntu14/bin/../lib/gcc/riscv64-unknown-elf/8.3.0/rv32i/ilp32/libgcc.a(_udivdi3.o)
 .debug_aranges
                0x0000000000000020       0x20 /opt/riscv64-unknown-elf-gcc-8.3.0-2020.04.1-x86_64-linux-ubuntu14/bin/../lib/gcc/riscv64-unknown-elf/8.3.0/rv32i/ilp32/libgcc.a(muldi3.o)
 .debug_aranges
                0x0000000000000040       0x20 /opt/riscv64-unknown-elf-gcc-8.3.0-2020.04.1-x86_64-linux-ubuntu14/bin/../lib/gcc/riscv64-unknown-elf/8.3.0/rv32i/ilp32/libgcc.a(div.o)
 .debug_aranges
                0x0000000000000060       0x18 /opt/riscv64-unknown-elf-gcc-8.3.0-2020.04.1-x86_64-linux-ubuntu14/bin/../lib/gcc/riscv64-unknown-elf/8.3.0/rv32i/ilp32/libgcc.a(_clz.o)

.debug_ranges   0x0000000000000000      0x110
 .debug_ranges  0x0000000000000000      0x110 /opt/riscv64-unknown-elf-gcc-8.3.0-2020.04.1-x86_64-linux-ubuntu14/bin/../lib/gcc/riscv64-unknown-elf/8.3.0/rv32i/ilp32/libgcc.a(_udivdi3.o)

.debug_line     0x0000000000000000     0x1078
 .debug_line    0x0000000000000000      0xac4 /opt/riscv64-unknown-elf-gcc-8.3.0-2020.04.1-x86_64-linux-ubuntu14/bin/../lib/gcc/riscv64-unknown-elf/8.3.0/rv32i/ilp32/libgcc.a(_udivdi3.o)
 .debug_line    0x0000000000000ac4       0x96 /opt/riscv64-unknown-elf-gcc-8.3.0-2020.04.1-x86_64-linux-ubuntu14/bin/../lib/gcc/riscv64-unknown-elf/8.3.0/rv32i/ilp32/libgcc.a(muldi3.o)
 .debug_line    0x0000000000000b5a      0x16c /opt/riscv64-unknown-elf-gcc-8.3.0-2020.04.1-x86_64-linux-ubuntu14/bin/../lib/gcc/riscv64-unknown-elf/8.3.0/rv32i/ilp32/libgcc.a(div.o)
 .debug_line    0x0000000000000cc6      0x3b2 /opt/riscv64-unknown-elf-gcc-8.3.0-2020.04.1-x86_64-linux-ubuntu14/bin/../lib/gcc/riscv64-unknown-elf/8.3.0/rv32i/ilp32/libgcc.a(_clz.o)

.debug_str      0x0000000000000000      0x955
 .debug_str     0x0000000000000000      0x84f /opt/riscv64-unknown-elf-gcc-8.3.0-2020.04.1-x86_64-linux-ubuntu14/bin/../lib/gcc/riscv64-unknown-elf/8.3.0/rv32i/ilp32/libgcc.a(_udivdi3.o)
                                        0x8cf (size before relaxing)
 .debug_str     0x000000000000084f       0x42 /opt/riscv64-unknown-elf-gcc-8.3.0-2020.04.1-x86_64-linux-ubuntu14/bin/../lib/gcc/riscv64-unknown-elf/8.3.0/rv32i/ilp32/libgcc.a(muldi3.o)
                                        0x10e (size before relaxing)
 .debug_str     0x0000000000000891       0x33 /opt/riscv64-unknown-elf-gcc-8.3.0-2020.04.1-x86_64-linux-ubuntu14/bin/../lib/gcc/riscv64-unknown-elf/8.3.0/rv32i/ilp32/libgcc.a(div.o)
                                        0x10b (size before relaxing)
 .debug_str     0x00000000000008c4       0x91 /opt/riscv64-unknown-elf-gcc-8.3.0-2020.04.1-x86_64-linux-ubuntu14/bin/../lib/gcc/riscv64-unknown-elf/8.3.0/rv32i/ilp32/libgcc.a(_clz.o)
                                        0x80a (size before relaxing)
